// Jest Snapshot v1, https://goo.gl/fbAQLP

exports[`match snapshot 1`] = `
<head>
  <style
    data-styled="active"
    data-styled-version="5.3.6"
  />
</head>
`;
